> Task :createMinecraftArtifacts UP-TO-DATE

> Task :compileJava
E:\visualcrafting-dev\src\main\java\com\visualcrafting\fluid\CreativeFluidHandler.java:9: 警告: [removal] EventBusSubscriber 中的 bus() 已过时, 且标记为待删除
@EventBusSubscriber(modid = "visualcrafting", bus = EventBusSubscriber.Bus.MOD)
                                              ^
E:\visualcrafting-dev\src\main\java\com\visualcrafting\fluid\CreativeFluidHandler.java:9: 警告: [removal] EventBusSubscriber 中的 Bus 已过时, 且标记为待删除
@EventBusSubscriber(modid = "visualcrafting", bus = EventBusSubscriber.Bus.MOD)
                                                                      ^
E:\visualcrafting-dev\src\main\java\com\visualcrafting\item\FurnaceCardRegistrar.java:27: 警告: [removal] EventBusSubscriber 中的 bus() 已过时, 且标记为待删除
    @EventBusSubscriber(modid = "visualcrafting", bus = EventBusSubscriber.Bus.GAME)
                                                  ^
E:\visualcrafting-dev\src\main\java\com\visualcrafting\item\FurnaceCardRegistrar.java:27: 警告: [removal] EventBusSubscriber 中的 Bus 已过时, 且标记为待删除
    @EventBusSubscriber(modid = "visualcrafting", bus = EventBusSubscriber.Bus.GAME)
                                                                          ^
E:\visualcrafting-dev\src\main\java\com\visualcrafting\item\FurnaceCardRegistrar.java:43: 警告: [removal] EventBusSubscriber 中的 bus() 已过时, 且标记为待删除
    @EventBusSubscriber(modid = "visualcrafting", bus = EventBusSubscriber.Bus.MOD)
                                                  ^
E:\visualcrafting-dev\src\main\java\com\visualcrafting\item\FurnaceCardRegistrar.java:43: 警告: [removal] EventBusSubscriber 中的 Bus 已过时, 且标记为待删除
    @EventBusSubscriber(modid = "visualcrafting", bus = EventBusSubscriber.Bus.MOD)
                                                                          ^
E:\visualcrafting-dev\src\main\java\com\visualcrafting\merge\MergeManagerEvents.java:20: 警告: [removal] EventBusSubscriber 中的 bus() 已过时, 且标记为待删除
@EventBusSubscriber(modid = "visualcrafting", bus = EventBusSubscriber.Bus.GAME)
                                              ^
E:\visualcrafting-dev\src\main\java\com\visualcrafting\merge\MergeManagerEvents.java:20: 警告: [removal] EventBusSubscriber 中的 Bus 已过时, 且标记为待删除
@EventBusSubscriber(modid = "visualcrafting", bus = EventBusSubscriber.Bus.GAME)
                                                                      ^
E:\visualcrafting-dev\src\main\java\com\visualcrafting\network\FurnaceExpRegistry.java:17: 警告: [removal] EventBusSubscriber 中的 bus() 已过时, 且标记为待删除
@EventBusSubscriber(modid = "visualcrafting", bus = EventBusSubscriber.Bus.MOD)
                                              ^
E:\visualcrafting-dev\src\main\java\com\visualcrafting\network\FurnaceExpRegistry.java:17: 警告: [removal] EventBusSubscriber 中的 Bus 已过时, 且标记为待删除
@EventBusSubscriber(modid = "visualcrafting", bus = EventBusSubscriber.Bus.MOD)
                                                                      ^
注: 某些输入文件使用了未经检查或不安全的操作。
注: 有关详细信息, 请使用 -Xlint:unchecked 重新编译。
10 个警告

[Incubating] Problems report is available at: file:///E:/visualcrafting-dev/build/reports/problems/problems-report.html

Deprecated Gradle features were used in this build, making it incompatible with Gradle 9.0.

You can use '--warning-mode all' to show the individual deprecation warnings and determine if they come from your own scripts or plugins.

For more on this, please refer to https://docs.gradle.org/8.13/userguide/command_line_interface.html#sec:command_line_warnings in the Gradle documentation.

BUILD SUCCESSFUL in 1s
2 actionable tasks: 1 executed, 1 up-to-date
